currently time:
1
currently time:
2
--every 3
currently time:
3
currently time:
4
currently time:
5
--every 3
currently time:
6
currently time:
7
currently time:
8
--every 3
currently time:
9
currently time:
10
currently time:
11
--every 3
currently time:
12
TERMINATE!
12
